MAP
PROJECTION "+init=epsg:4326" END
extent -74 17 -71 19
SIZE 8678 10000
TRANSPARENT TRUE
OUTPUTFORMAT
  NAME GTIFF
  DRIVER "GDAL/GTiff"
  MIMETYPE "image/tiff"
  IMAGEMODE RGBA
  EXTENSION "tif"
  END
  OUTPUTFORMAT
    NAME PNG
    DRIVER 'GD/PNG'
    MIMETYPE 'image/png'
    IMAGEMODE RGBA
    EXTENSION "png"
    TRANSPARENT ON
    FORMATOPTION "INTERLACE=OFF"
  END
WEB 
  IMAGEPATH "/var/run/mapserv"
  METADATA
    wms_srs "epsg:4326 epsg:900913"
    wms_title "Supporting Layers for Haiti Recovery Efforts"
  END
END
LAYER
  NAME "quickbird-pre-4326"
  GROUP "haiti-best"
  STATUS ON
  TILEINDEX "/storage/data/haiti/processed/dglobe/quickbird-pre/4326.shp"
  TILEITEM "location"
  TYPE RASTER
  OFFSITE 0 0 0
END
LAYER
  NAME "worldview-pre-4326"
  GROUP "haiti-best"
  STATUS ON
  TILEINDEX "/storage/data/haiti/processed/dglobe/worldview-pre/4326.shp"
  TILEITEM "location"
  TYPE RASTER
  OFFSITE 0 0 0
END
LAYER
 NAME "spot-01-14-4326"
 TYPE RASTER
 STATUS ON
 CONNECTION "http://spotgis.spotimage.com/arcgis/services/2010_01_14_Haiti/MapServer/WMSServer?styles=&"
 CONNECTIONTYPE WMS
 METADATA
   "wms_srs" "EPSG:4326"
   "wms_name" "0"
   "wms_server_version" "1.1.1"
   "wms_format" "image/jpeg"
   "wms_styles" ""
 END
 OFFSITE 0 0 0
 DEBUG ON
 PROJECTION "+init=epsg:4326" END
END 
LAYER
 NAME "spot-01-15-4326"
 TYPE RASTER
 STATUS ON
 CONNECTION "http://spotgis.spotimage.com/arcgis/services/2010_01_15_Haiti/MapServer/WMSServer?styles=&"
 CONNECTIONTYPE WMS
 METADATA
   "wms_srs" "EPSG:4326"
   "wms_name" "0"
   "wms_server_version" "1.1.1"
   "wms_format" "image/jpeg"
   "wms_styles" ""
 END
 OFFSITE 0 0 0
 DEBUG ON
 PROJECTION "+init=epsg:4326" END
END 
LAYER
  NAME "ikonos-01-14-4326"
  GROUP "haiti-best"
  STATUS ON
  TILEINDEX "/mnt/geodata/haiti/geoeye/ikonos-1415/4326.shp"
  TILEITEM "location"
  TYPE RASTER
  OFFSITE 0 0 0
END
LAYER
  NAME "worldview-01-15-4326"
  GROUP "haiti-best"
  STATUS ON
  TILEINDEX "/storage/data/haiti/processed/dglobe/worldview-15/4326.shp"
  TILEITEM "location"
  TYPE RASTER
  OFFSITE 0 0 0
END
LAYER
  NAME "quickbird-01-15-4326"
  GROUP "haiti-best"
  STATUS ON
  TILEINDEX "/storage/data/haiti/processed/dglobe/quickbird-15/4326.shp"
  TILEITEM "location"
  TYPE RASTER
  OFFSITE 0 0 0
END
LAYER
  NAME "geoeye-01-16-4326"
  GROUP "haiti-best"
  STATUS ON
  TILEINDEX "/mnt/geodata/haiti/geoeye/ge1-16/4326.shp"
  TILEITEM "location"
  TYPE RASTER
  OFFSITE 0 0 0
END
LAYER
  NAME "quickbird-01-17-4326"
  GROUP "haiti-best"
  STATUS ON
  TILEINDEX "/storage/data/haiti/processed/dglobe/quickbird-17/4326.shp"
  TILEITEM "location"
  TYPE RASTER
  OFFSITE 0 0 0
END
LAYER
  NAME "ikonos-01-17-4326"
  GROUP "haiti-best"
  STATUS ON
  TILEINDEX "/storage/data/haiti/processed/geoeye/ikonos-17-2/4326.shp"
  TILEITEM "location"
  TYPE RASTER
  OFFSITE 0 0 0
END
LAYER
  NAME "worldview-01-17-4326"
  GROUP "haiti-best"
  STATUS ON
  TILEINDEX "/storage/data/haiti/processed/dglobe/worldview-17/4326.shp"
  TILEITEM "location"
  TYPE RASTER
  OFFSITE 0 0 0
END
LAYER
  NAME "worldview-01-18-4326"
  GROUP "haiti-best"
  STATUS ON
  TILEINDEX "/storage/data/haiti/processed/dglobe/worldview-18/4326.shp"
  TILEITEM "location"
  TYPE RASTER
  OFFSITE 0 0 0
END
LAYER
  NAME "geoeye-01-18-4326"
  GROUP "haiti-best"
  STATUS ON
  PROCESSING "SCALE_1=0,60"
  PROCESSING "SCALE_2=0,60"
  PROCESSING "SCALE_3=0,100"
  TILEINDEX "/storage/data/haiti/processed/geoeye/ge1-18/ge1-18/4326.shp"
  TILEITEM "location"
  TYPE RASTER
  OFFSITE 0 0 0
END
LAYER
  NAME "quickbird-01-18-4326"
  #GROUP "haiti-best"
  STATUS ON
  TILEINDEX "/storage/data/haiti/processed/dglobe/quickbird-18/4326.shp"
  TILEITEM "location"
  TYPE RASTER
  OFFSITE 0 0 0
END
LAYER
  NAME "worldview-01-19-4326"
  #GROUP "haiti-best"
  STATUS ON
  TILEINDEX "/storage/data/haiti/processed/dglobe/worldview-19/4326.shp"
  TILEITEM "location"
  TYPE RASTER
  OFFSITE 0 0 0
END
LAYER
  NAME "quickbird-01-20-4326"
  GROUP "haiti-best"
  STATUS ON
  TILEINDEX "/storage/data/haiti/processed/dglobe/quickbird-20/4326.shp"
  TILEITEM "location"
  TYPE RASTER
  OFFSITE 0 0 0
END
LAYER
  NAME "worldview-01-20-4326"
  GROUP "haiti-best"
  STATUS ON
  TILEINDEX "/storage/data/haiti/processed/dglobe/worldview-20/4326.shp"
  TILEITEM "location"
  TYPE RASTER
  OFFSITE 0 0 0
END
LAYER
  NAME "noaa-01-18-4326"
  GROUP "haiti-best"
  STATUS ON
  TILEINDEX "/storage/data/haiti/processed/noaa/aerial-17-2/4326.shp"
  TILEITEM "location"
  TYPE RASTER
  OFFSITE 0 0 0
  MAXSCALE 500000
END
LAYER
  NAME "google-01-17-4326"
  #GROUP "haiti-best"
  STATUS ON
  TILEINDEX "/storage/data/haiti/processed/google/aerial-17/4326.shp"
  TILEITEM "location"
  TYPE RASTER
  MAXSCALE 200000
  METADATA 
   wms_title "Google 17th"
   wms_abstract "Use Google 21 instead"
  END 
END
LAYER
  NAME "noaa-01-20-4326"
  GROUP "haiti-best"
  STATUS ON
  TILEINDEX "/storage/data/haiti/processed/noaa/aerial-20/4326.shp"
  TILEITEM "location"
  TYPE RASTER
  MAXSCALE 500000
  OFFSITE 0 0 0
END
LAYER
  NAME "noaa-01-22-4326"
  GROUP "haiti-best"
  STATUS ON
  TILEINDEX "/storage/data/haiti/processed/noaa/aerial-22/4326.shp"
  TILEITEM "location"
  TYPE RASTER
  MAXSCALE 500000
  OFFSITE 0 0 0
END
LAYER
  NAME "noaa-01-23-4326"
  GROUP "haiti-best"
  STATUS ON
  TILEINDEX "/storage/data/haiti/processed/noaa/aerial-23/4326.shp"
  TILEITEM "location"
  TYPE RASTER
  MAXSCALE 500000
  OFFSITE 0 0 0
END
LAYER
  NAME "noaa-01-24-4326"
  GROUP "haiti-best"
  STATUS ON
  TILEINDEX "/storage/data/haiti/processed/noaa/aerial-24/4326.shp"
  TILEITEM "location"
  TYPE RASTER
  MAXSCALE 500000
  OFFSITE 0 0 0
END
LAYER
  NAME "google-21-above10k-4326"
  GROUP "haiti-best"
  STATUS ON
  DATA "/storage/data/haiti/processed/google/21/22000px.tif"
  TYPE RASTER
  MINSCALE 10000
END
LAYER
  NAME "google-21-sub10k-4326"
  GROUP "haiti-best"
  STATUS ON
  TILEINDEX "/storage/data/haiti/processed/google/21/4326.shp"
  TILEITEM "location"
  TYPE RASTER
  MAXSCALE 10000
END
# The following two layers make up what used to be
# the worldbank-21-4326 layer
LAYER
  NAME "worldbank-21-below10k-4326"
  GROUP "worldbank-21-4326"
  STATUS ON
  TILEINDEX "/storage/data/haiti/processed/worldbank/21/4326.shp"
  TYPE RASTER
  MAXSCALE 10000
  OFFSITE 0 0 0
  METADATA
    wms_abstract "Worldbank capture from 2010-01-21; max scale 10000"
    wms_title "Worldbank 21 sub-10k"
    wms_group_title "Combined Worldbank 21 layer"
  END  
END
LAYER
  NAME "worldbank-21-above10k-4326"
  GROUP "worldbank-21-4326"
  STATUS ON
  DATA "/storage/data/haiti/processed/worldbank/21/worldbank-21-low.tif"
  TYPE RASTER
  MINSCALE 10000
  OFFSITE 0 0 0
  METADATA
    wms_abstract "Worldbank capture from 2010-01-21; min scale 10000"
    wms_title "Worldbank 21 above-10k"
  END  
END
# These two layers duplicate the above, but are fore the mosaic 
LAYER
  NAME "worldbank-21-below10k-4326-mosaic"
  GROUP "haiti-best"
  STATUS ON
  TILEINDEX "/storage/data/haiti/processed/worldbank/21/4326.shp"
  TYPE RASTER
  MAXSCALE 10000
  OFFSITE 0 0 0
END
LAYER
  NAME "worldbank-21-above10k-4326-mosaic"
  GROUP "haiti-best"
  STATUS ON
  DATA "/storage/data/haiti/processed/worldbank/21/worldbank-21-low.tif"
  TYPE RASTER
  MINSCALE 10000
  OFFSITE 0 0 0
END
LAYER
  NAME "worldbank-23-above10k-4326"
  GROUP "worldbank-23-4326"
  STATUS ON
  TILEINDEX "/storage/data/haiti/processed/worldbank/23/4326.shp"
  TILEITEM "location"
  TYPE RASTER
  OFFSITE 0 0 0
  MAXSCALE 10000 
  METADATA
    wms_group_title "Combined World Bank 23 (use these two together)"
  END  
END
LAYER
  NAME "worldbank-23-below10k-4326"
  GROUP "worldbank-23-4326"
  STATUS ON
  DATA "/storage/data/haiti/processed/worldbank/23/worldbank-23-low.tif"
  TYPE RASTER
  OFFSITE 0 0 0
  MINSCALE 10000
END
LAYER
  NAME "worldbank-23-above10k-4326-mosaic"
  GROUP "haiti-best"
  STATUS ON
  TILEINDEX "/storage/data/haiti/processed/worldbank/23/4326.shp"
  TILEITEM "location"
  TYPE RASTER
  OFFSITE 0 0 0
  MAXSCALE 10000 
END
LAYER
  NAME "worldbank-23-below10k-4326-mosaic"
  GROUP "haiti-best"
  STATUS ON
  DATA "/storage/data/haiti/processed/worldbank/23/worldbank-23-low.tif"
  TYPE RASTER
  OFFSITE 0 0 0
  MINSCALE 10000
END
LAYER
  NAME "worldbank-24-above10k-4326"
  GROUP "worldbank-24-4326"
  STATUS ON
  DATA "/storage/data/haiti/processed/worldbank/24/worldbank-24-low.tif"
  TYPE RASTER
  OFFSITE 0 0 0
  MINSCALE 10000
END
LAYER
  NAME "worldbank-24-above10k-4326"
  GROUP "worldbank-24-4326"
  STATUS ON
  TILEINDEX "/storage/data/haiti/processed/worldbank/24/4326.shp"
  TILEITEM "location"
  TYPE RASTER
  OFFSITE 0 0 0
  MAXSCALE 10000
  METADATA
    wms_group_title "Combined World Bank 24 (use these two together)"
  END  
END
LAYER
  NAME "worldbank-24-above10k-4326-mosaic"
  GROUP "haiti-best"
  STATUS ON
  DATA "/storage/data/haiti/processed/worldbank/24/worldbank-24-low.tif"
  TYPE RASTER
  OFFSITE 0 0 0
  MINSCALE 10000
END
LAYER
  NAME "worldbank-24-below10k-4326-mosaic"
  GROUP "haiti-best"
  STATUS ON
  TILEINDEX "/storage/data/haiti/processed/worldbank/24/4326.shp"
  TILEITEM "location"
  TYPE RASTER
  OFFSITE 0 0 0
  MAXSCALE 10000
END
END
